******************************************************************************
                  TI ARM Linker PC v20.2.7                     
******************************************************************************
>> Linked Thu Feb 23 16:10:19 2023

OUTPUT FILE NAME:   <empty_MSP_EXP432P401R_tirtos_ccs.out>
ENTRY POINT SYMBOL: "_c_int00"  address: 00004c69


MEMORY CONFIGURATION

         name            origin    length      used     unused   attr    fill
----------------------  --------  ---------  --------  --------  ----  --------
  MAIN                  00000000   00040000  0000723c  00038dc4  R  X
  INFO                  00200000   00004000  00000000  00004000  R  X
  SRAM_CODE             01000000   00010000  00009268  00006d98  RW X
  SRAM_DATA             20000000   00010000  00009268  00006d98  RW  


SEGMENT ALLOCATION MAP

run origin  load origin   length   init length attrs members
----------  ----------- ---------- ----------- ----- -------
00000000    00000000    00007248   00007248    r-x
  00000000    00000000    0000003c   0000003c    r-- .resetVecs
  00000040    00000040    00006a72   00006a72    r-x .text
  00006ab4    00006ab4    000004fe   000004fe    r-- .const
  00006fb8    00006fb8    00000290   00000290    r-- .cinit
20000140    20000140    00008000   00000000    r--
  20000140    20000140    00008000   00000000    r-- .priheap
20008140    20008140    00000d28   00000000    rw-
  20008140    20008140    000007e0   00000000    rw- .data
  20008920    20008920    00000548   00000000    rw- .bss
2000fc00    2000fc00    00000400   00000000    rw-
  2000fc00    2000fc00    00000400   00000000    rw- .stack


SECTION ALLOCATION MAP

 output                                  attributes/
section   page    origin      length       input sections
--------  ----  ----------  ----------   ----------------
.text      0    00000040    00006a72     
                  00000040    00000a4e     rtsv7M4_T_le_v4SPD16_eabi.lib : _printfi.c.obj (.text:__TI_printfi)
                  00000a8e    00000002     ti_drivers_config.obj (.text:Board_initHook)
                  00000a90    000002f8     drivers_msp432p401x.aem4f : PowerMSP432.oem4f (.text:Power_sleep)
                  00000d88    0000028a     msp432p4xx_driverlib.lib : pcm.o (.text:__PCM_setPowerStateAdvanced)
                  00001012    00000002     dpl_msp432p401x.aem4f : PowerMSP432_tirtos.oem4f (.text:PowerMSP432_initPolicy)
                  00001014    00000288     drivers_msp432p401x.aem4f : PowerMSP432.oem4f (.text:initPerfControl)
                  0000129c    00000270     rtsv7M4_T_le_v4SPD16_eabi.lib : _printfi.c.obj (.text:_pconv_a)
                  0000150c    000001d0                                   : _printfi.c.obj (.text:_pconv_g)
                  000016dc    000001b6                                   : fd_add_t2.asm.obj (.text)
                  00001892    00000002                                   : _lock.c.obj (.text:_nop)
                  00001894    00000170     drivers_msp432p401x.aem4f : GPIOMSP432.oem4f (.text:GPIO_setConfig)
                  00001a04    0000015c     msp432p4xx_driverlib.lib : pcm.o (.text:__PCM_setPowerModeAdvanced)
                  00001b60    0000013c     rtsv7M4_T_le_v4SPD16_eabi.lib : _printfi.c.obj (.text:_pconv_e)
                  00001c9c    00000136                                   : fd_div_t2.asm.obj (.text)
                  00001dd2    00000004     msp432p4xx_driverlib.lib : cpu.o (.text:CPU_wfi)
                  00001dd6    00000002     rtsv7M4_T_le_v4SPD16_eabi.lib : div0.asm.obj (.text)
                  00001dd8    00000130     sysbios.aem4f : BIOS.obj (.text:ti_sysbios_knl_Semaphore_pend__E)
                  00001f08    00000124     rtsv7M4_T_le_v4SPD16_eabi.lib : _printfi.c.obj (.text:fcvt)
                  0000202c    00000114                                   : fputs.c.obj (.text:fputs)
                  00002140    00000110                                   : s_scalbn.c.obj (.text:scalbn)
                  00002250    00000108     msp432p4xx_driverlib.lib : pcm.o (.text:__PCM_setCoreVoltageLevelAdvanced)
                  00002358    00000108     sysbios.aem4f : BIOS.obj (.text:ti_sysbios_knl_Task_postInit__I)
                  00002460    00000108                   : BIOS.obj (.text:xdc_runtime_Startup_startMods__I)
                  00002568    00000104                   : BIOS.obj (.text:ti_sysbios_knl_Task_Instance_finalize__E)
                  0000266c    000000fc     rtsv7M4_T_le_v4SPD16_eabi.lib : fd_mul_t2.asm.obj (.text)
                  00002768    000000f8     sysbios.aem4f : BIOS.obj (.text:ti_sysbios_family_arm_msp432_init_Boot_configureClocksHigh)
                  00002860    000000f0                   : BIOS.obj (.text:pthread_create)
                  00002950    000000f0                   : m3_Hwi_asm.obj (.text:ti_sysbios_family_arm_m3_Hwi_dispatch__I)
                  00002a40    000000e4     msp432p4xx_driverlib.lib : cs.o (.text:CS_startHFXTWithTimeout)
                  00002b24    000000e0                              : cs.o (.text:CS_startLFXTWithTimeout)
                  00002c04    00000004     dpl_msp432p401x.aem4f : HwiP_tirtos.oem4f (.text:HwiP_disable)
                  00002c08    000000e0     sysbios.aem4f : BIOS.obj (.text:ti_sysbios_knl_Task_Instance_init__E)
                  00002ce8    000000dc     msp432p4xx_driverlib.lib : cs.o (.text:_CSGetHFXTFrequency)
                  00002dc4    000000dc     rtsv7M4_T_le_v4SPD16_eabi.lib : setvbuf.c.obj (.text:setvbuf)
                  00002ea0    000000d0     sysbios.aem4f : BIOS.obj (.text:ti_sysbios_heaps_HeapMem_alloc__E)
                  00002f70    000000c4                   : BIOS.obj (.text:ti_sysbios_knl_Task_sleep__E)
                  00003034    00000004     dpl_msp432p401x.aem4f : SemaphoreP_tirtos.oem4f (.text:SemaphoreP_post)
                  00003038    000000b8     sysbios.aem4f : BIOS.obj (.text:ti_sysbios_family_arm_m3_Hwi_Instance_init__E)
                  000030f0    000000b1     rtsv7M4_T_le_v4SPD16_eabi.lib : _printfi.c.obj (.text:_ltostr)
                  000031a1    00000001     --HOLE-- [fill = 0]
                  000031a2    00000002     release_pem4f.oem4f (.text:ti_sysbios_BIOS_nullFunc__I)
                  000031a4    000000ac     drivers_msp432p401x.aem4f : GPIOMSP432.oem4f (.text:GPIO_init)
                  00003250    000000aa     sysbios.aem4f : BIOS.obj (.text:xdc_runtime_Core_createObject__I)
                  000032fa    00000004     rtsv7M4_T_le_v4SPD16_eabi.lib : printf.c.obj (.text:_outc)
                  000032fe    00000002     --HOLE-- [fill = 0]
                  00003300    000000a8     sysbios.aem4f : BIOS.obj (.text:ti_sysbios_family_arm_msp432_Timer_periodicStub__E)
                  000033a8    000000a4                   : BIOS.obj (.text:ti_sysbios_knl_Task_setPri__E)
                  0000344c    000000a0     auto_init.aem4f : auto_init.oem4f (.text)
                  000034ec    0000009c     drivers_msp432p401x.aem4f : PowerMSP432.oem4f (.text:Power_init)
                  00003588    0000009c     rtsv7M4_T_le_v4SPD16_eabi.lib : memcpy_t2.asm.obj (.text)
                  00003624    00000096                                   : ull_div_t2.asm.obj (.text)
                  000036ba    00000004                                   : printf.c.obj (.text:_outs)
                  000036be    00000002     --HOLE-- [fill = 0]
                  000036c0    00000094     sysbios.aem4f : BIOS.obj (.text:_pthread_removeThreadKeys)
                  00003754    00000004     release_pem4f.oem4f (.text:ti_sysbios_BIOS_RtsGateProxy_enter__E)
                  00003758    00000094     sysbios.aem4f : BIOS.obj (.text:ti_sysbios_family_arm_m3_Hwi_initNVIC__E)
                  000037ec    00000004     release_pem4f.oem4f (.text:ti_sysbios_BIOS_RtsGateProxy_leave__E)
                  000037f0    00000094     sysbios.aem4f : BIOS.obj (.text:ti_sysbios_knl_Task_exit__E)
                  00003884    00000004     release_pem4f.oem4f (.text:ti_sysbios_family_arm_m3_TaskSupport_Module__startupDone__S)
                  00003888    00000090     sysbios.aem4f : BIOS.obj (.text:ti_sysbios_knl_Task_Module_startup__E)
                  00003918    0000008c     rtsv7M4_T_le_v4SPD16_eabi.lib : fputc.c.obj (.text:fputc)
                  000039a4    0000008c     sysbios.aem4f : m3_TaskSupport_asm.obj (.text:ti_sysbios_family_arm_m3_TaskSupport_buildTaskStack)
                  00003a30    0000008c                   : BIOS.obj (.text:xdc_runtime_Memory_alloc__E)
                  00003abc    00000086     rtsv7M4_T_le_v4SPD16_eabi.lib : fd_cmp_t2.asm.obj (.text:__aeabi_cdcmple)
                  00003b42    00000086                                   : fd_cmp_t2.asm.obj (.text:__aeabi_cdrcmple)
                  00003bc8    00000086     sysbios.aem4f : BIOS.obj (.text:xdc_runtime_Core_constructObject__I)
                  00003c4e    00000002     --HOLE-- [fill = 0]
                  00003c50    00000084     msp432p4xx_driverlib.lib : pcm.o (.text:PCM_gotoLPM3)
                  00003cd4    00000084     drivers_msp432p401x.aem4f : PowerMSP432.oem4f (.text:restartHFXT)
                  00003d58    00000084     sysbios.aem4f : BIOS.obj (.text:ti_sysbios_family_arm_m3_Hwi_postInit__I)
                  00003ddc    00000004     release_pem4f.oem4f (.text:ti_sysbios_heaps_HeapMem_Module_GateProxy_enter__E)
                  00003de0    00000084     sysbios.aem4f : BIOS.obj (.text:ti_sysbios_heaps_HeapMem_free__E)
                  00003e64    00000004     release_pem4f.oem4f (.text:ti_sysbios_heaps_HeapMem_Module_GateProxy_leave__E)
                  00003e68    00000080     sysbios.aem4f : BIOS.obj (.text:ti_sysbios_knl_Clock_workFunc__E)
                  00003ee8    0000007a     rtsv7M4_T_le_v4SPD16_eabi.lib : memset_t2.asm.obj (.text)
                  00003f62    00000002     --HOLE-- [fill = 0]
                  00003f64    00000078     empty.obj (.text:mainThread)
                  00003fdc    00000074     rtsv7M4_T_le_v4SPD16_eabi.lib : fclose.c.obj (.text:__TI_closefile)
                  00004050    00000070     sysbios.aem4f : BIOS.obj (.text:ti_sysbios_heaps_HeapMem_initPrimary__I)
                  000040c0    0000006e     rtsv7M4_T_le_v4SPD16_eabi.lib : _printfi.c.obj (.text:_mcpy)
                  0000412e    00000002     --HOLE-- [fill = 0]
                  00004130    0000006c                                   : hostrename.c.obj (.text:HOSTrename)
                  0000419c    00000004     release_pem4f.oem4f (.text:ti_sysbios_knl_Clock_TimerProxy_getMaxTicks__E)
                  000041a0    0000006c     sysbios.aem4f : BIOS.obj (.text:ti_sysbios_knl_Swi_restoreHwi__E)
                  0000420c    00000068     drivers_msp432p401x.aem4f : GPIOMSP432.oem4f (.text:GPIO_hwiIntFxn)
                  00004274    00000068     rtsv7M4_T_le_v4SPD16_eabi.lib : hostlseek.c.obj (.text:HOSTlseek)
                  000042dc    00000068                                   : copy_decompress_lzss.c.obj (.text:decompress:lzss:__TI_decompress_lzss)
                  00004344    00000068                                   : printf.c.obj (.text:printf)
                  000043ac    00000066     empty.obj (.text:threadFxn1)
                  00004412    00000004     release_pem4f.oem4f (.text:ti_sysbios_knl_Semaphore_delete)
                  00004416    00000002     --HOLE-- [fill = 0]
                  00004418    00000066     sysbios.aem4f : BIOS.obj (.text:xdc_runtime_Core_deleteObject__I)
                  0000447e    00000002     --HOLE-- [fill = 0]
                  00004480    00000064     rtsv7M4_T_le_v4SPD16_eabi.lib : s_frexp.c.obj (.text:frexp)
                  000044e4    00000064                                   : fseek.c.obj (.text:fseek)
                  00004548    00000064     main_tirtos.obj (.text:main)
                  000045ac    00000004     release_pem4f.oem4f (.text:ti_sysbios_knl_Task_delete)
                  000045b0    00000064     sysbios.aem4f : BIOS.obj (.text:pthread_exit)
                  00004614    00000004     release_pem4f.oem4f (.text:xdc_runtime_System_Module_GateProxy_enter__E)
                  00004618    00000064     sysbios.aem4f : BIOS.obj (.text:pthread_join)
                  0000467c    00000004     release_pem4f.oem4f (.text:xdc_runtime_System_Module_GateProxy_leave__E)
                  00004680    00000064     sysbios.aem4f : BIOS.obj (.text:ti_sysbios_family_arm_m3_Hwi_dispatchC__I)
                  000046e4    00000062     rtsv7M4_T_le_v4SPD16_eabi.lib : _io_perm.c.obj (.text:__TI_wrt_ok)
                  00004746    00000002     --HOLE-- [fill = 0]
                  00004748    00000060     drivers_msp432p401x.aem4f : GPIOMSP432.oem4f (.text:GPIO_setCallback)
                  000047a8    00000060     rtsv7M4_T_le_v4SPD16_eabi.lib : hostopen.c.obj (.text:HOSTopen)
                  00004808    00000060     sysbios.aem4f : BIOS.obj (.text:ti_sysbios_knl_Semaphore_post__E)
                  00004868    00000060                   : BIOS.obj (.text:ti_sysbios_knl_Swi_run__I)
                  000048c8    0000005e     msp432p4xx_driverlib.lib : pcm.o (.text:PCM_getCoreVoltageLevel)
                  00004926    00000002     --HOLE-- [fill = 0]
                  00004928    0000005e     empty.obj (.text:threadFxn0)
                  00004986    00000002     --HOLE-- [fill = 0]
                  00004988    0000005c     rtsv7M4_T_le_v4SPD16_eabi.lib : close.c.obj (.text:close)
                  000049e4    00000004     --HOLE-- [fill = 0]
                  000049e8    0000005c     sysbios.aem4f : BIOS.obj (.text:ti_sysbios_knl_Swi_schedule__I)
                  00004a44    00000004     --HOLE-- [fill = 0]
                  00004a48    0000005c                   : BIOS.obj (.text:ti_sysbios_knl_Task_startCore__E)
                  00004aa4    00000004     --HOLE-- [fill = 0]
                  00004aa8    0000005c                   : BIOS.obj (.text:xdc_runtime_Startup_exec__E)
                  00004b04    0000005a     msp432p4xx_driverlib.lib : pcm.o (.text:PCM_getPowerMode)
                  00004b5e    00000002     --HOLE-- [fill = 0]
                  00004b60    00000058     drivers_msp432p401x.aem4f : GPIOMSP432.oem4f (.text:GPIO_write)
                  00004bb8    00000058     rtsv7M4_T_le_v4SPD16_eabi.lib : hostread.c.obj (.text:HOSTread)
                  00004c10    00000058                                   : hostwrite.c.obj (.text:HOSTwrite)
                  00004c68    00000058     boot.aem4f : boot.oem4f (.text)
                  00004cc0    00000058     sysbios.aem4f : m3_Hwi_asm_switch.obj (.text:ti_sysbios_family_arm_m3_Hwi_initStacks__E)
                  00004d18    00000056     rtsv7M4_T_le_v4SPD16_eabi.lib : _printfi.c.obj (.text:_pconv_f)
                  00004d6e    00000002     --HOLE-- [fill = 0]
                  00004d70    00000054     msp432p4xx_driverlib.lib : pcm.o (.text:PCM_shutdownDevice)
                  00004dc4    00000054     rtsv7M4_T_le_v4SPD16_eabi.lib : _ltoa.c.obj (.text:__TI_ltoa)
                  00004e18    00000054     release_pem4f.oem4f (.text:ti_sysbios_family_arm_m3_Hwi_create)
                  00004e6c    00000004     --HOLE-- [fill = 0]
                  00004e70    00000054     sysbios.aem4f : BIOS.obj (.text:ti_sysbios_family_arm_msp432_Timer_initDevice__I)
                  00004ec4    00000052     rtsv7M4_T_le_v4SPD16_eabi.lib : _printfi.c.obj (.text:_ecpy)
                  00004f16    00000002     --HOLE-- [fill = 0]
                  00004f18    00000050     sysbios.aem4f : BIOS.obj (.text:ti_sysbios_family_arm_m3_Hwi_Module_startup__E)
                  00004f68    00000050     release_pem4f.oem4f (.text:ti_sysbios_knl_Task_create)
                  00004fb8    0000004c     dpl_msp432p401x.aem4f : PowerMSP432_tirtos.oem4f (.text:PowerMSP432_sleepPolicy)
                  00005004    0000004c     rtsv7M4_T_le_v4SPD16_eabi.lib : fflush.c.obj (.text:__TI_doflush)
                  00005050    0000004c                                   : atoi.c.obj (.text:atoi)
                  0000509c    0000004c                                   : cpy_tbl.c.obj (.text:copy_in)
                  000050e8    0000004c     sysbios.aem4f : BIOS.obj (.text:ti_sysbios_family_arm_msp432_Timer_postInit__I)
                  00005134    00000004     --HOLE-- [fill = 0]
                  00005138    0000004c                   : BIOS.obj (.text:ti_sysbios_family_arm_msp432_Timer_start__E)
                  00005184    00000004     --HOLE-- [fill = 0]
                  00005188    0000004c                   : BIOS.obj (.text:ti_sysbios_heaps_HeapMem_getStats__E)
                  000051d4    00000004     --HOLE-- [fill = 0]
                  000051d8    0000004c                   : BIOS.obj (.text:ti_sysbios_knl_Swi_runLoop__I)
                  00005224    00000004     --HOLE-- [fill = 0]
                  00005228    0000004c                   : BIOS.obj (.text:ti_sysbios_knl_Task_allBlockedFunction__I)
                  00005274    00000004     --HOLE-- [fill = 0]
                  00005278    0000004c                   : BIOS.obj (.text:ti_sysbios_knl_Task_schedule__I)
                  000052c4    00000048     rtsv7M4_T_le_v4SPD16_eabi.lib : fd_toi_t2.asm.obj (.text)
                  0000530c    00000004     --HOLE-- [fill = 0]
                  00005310    00000048     sysbios.aem4f : BIOS.obj (.text:ti_sysbios_family_arm_m3_Hwi_disableInterrupt__E)
                  00005358    00000048                   : BIOS.obj (.text:ti_sysbios_family_arm_m3_Hwi_enableInterrupt__E)
                  000053a0    00000048                   : BIOS.obj (.text:ti_sysbios_knl_Mailbox_Module_startup__E)
                  000053e8    00000048                   : BIOS.obj (.text:xdc_runtime_Core_assignParams__I)
                  00005430    00000044     rtsv7M4_T_le_v4SPD16_eabi.lib : hostclose.c.obj (.text:HOSTclose)
                  00005474    00000044                                   : hostunlink.c.obj (.text:HOSTunlink)
                  000054b8    00000044                                   : getdevice.c.obj (.text:getdevice)
                  000054fc    00000004     --HOLE-- [fill = 0]
                  00005500    00000044     sysbios.aem4f : BIOS.obj (.text:ti_sysbios_family_arm_m3_Hwi_getStackInfo__E)
                  00005544    00000004     --HOLE-- [fill = 0]
                  00005548    00000044                   : BIOS.obj (.text:ti_sysbios_knl_Swi_post__E)
                  0000558c    00000040     dpl_msp432p401x.aem4f : HwiP_tirtos.oem4f (.text:HwiP_create)
                  000055cc    00000004     --HOLE-- [fill = 0]
                  000055d0    00000040     sysbios.aem4f : BIOS.obj (.text:ti_sysbios_family_arm_msp432_Timer_Module_startup__E)
                  00005610    00000040                   : BIOS.obj (.text:ti_sysbios_family_arm_msp432_Timer_startup__E)
                  00005650    00000040                   : BIOS.obj (.text:ti_sysbios_heaps_HeapMem_Instance_init__E)
                  00005690    0000003e     rtsv7M4_T_le_v4SPD16_eabi.lib : _printfi.c.obj (.text:_fcpy)
                  000056ce    00000002     --HOLE-- [fill = 0]
                  000056d0    0000003c     sysbios.aem4f : BIOS.obj (.text:sleep)
                  0000570c    00000004     --HOLE-- [fill = 0]
                  00005710    0000003c                   : BIOS.obj (.text:ti_sysbios_family_arm_m3_Hwi_Instance_finalize__E)
                  0000574c    00000004     --HOLE-- [fill = 0]
                  00005750    0000003c                   : BIOS.obj (.text:ti_sysbios_family_arm_msp432_Seconds_Module_startup__E)
                  0000578c    00000004     --HOLE-- [fill = 0]
                  00005790    0000003c                   : BIOS.obj (.text:ti_sysbios_knl_Swi_restore__E)
                  000057cc    00000038     drivers_msp432p401x.aem4f : GPIOMSP432.oem4f (.text:GPIO_toggle)
                  00005804    00000038     rtsv7M4_T_le_v4SPD16_eabi.lib : trgmsg.c.obj (.text:__TI_writemsg)
                  0000583c    00000038     drivers_msp432p401x.aem4f : PowerMSP432.oem4f (.text:notify)
                  00005874    00000004     --HOLE-- [fill = 0]
                  00005878    00000038     sysbios.aem4f : BIOS.obj (.text:xdc_runtime_System_atexit__E)
                  000058b0    00000036     rtsv7M4_T_le_v4SPD16_eabi.lib : strncpy.c.obj (.text:strncpy)
                  000058e6    00000002     --HOLE-- [fill = 0]
                  000058e8    00000034                                   : fopen.c.obj (.text:__TI_cleanup)
                  0000591c    00000034                                   : trgmsg.c.obj (.text:__TI_readmsg)
                  00005950    00000034     release_pem4f.oem4f (.text:ti_sysbios_knl_Semaphore_create)
                  00005984    00000004     --HOLE-- [fill = 0]
                  00005988    00000032     sysbios.aem4f : BIOS.obj (.text:ti_sysbios_hal_Hwi_initStack)
                  000059ba    00000002     --HOLE-- [fill = 0]
                  000059bc    00000030     rtsv7M4_T_le_v4SPD16_eabi.lib : getdevice.c.obj (.text:finddevice)
                  000059ec    00000030     release_pem4f.oem4f (.text:ti_sysbios_BIOS_atExitFunc__I)
                  00005a1c    00000030     release_pem4f.oem4f (.text:ti_sysbios_BIOS_startFunc__I)
                  00005a4c    00000004     --HOLE-- [fill = 0]
                  00005a50    00000030     sysbios.aem4f : BIOS.obj (.text:ti_sysbios_family_arm_m3_TaskSupport_start__E)
                  00005a80    00000030     release_pem4f.oem4f (.text:ti_sysbios_gates_GateHwi_Object__create__S)
                  00005ab0    00000030     release_pem4f.oem4f (.text:ti_sysbios_gates_GateMutex_Object__create__S)
                  00005ae0    00000030     sysbios.aem4f : BIOS.obj (.text:ti_sysbios_gates_GateMutex_enter__E)
                  00005b10    00000030     release_pem4f.oem4f (.text:ti_sysbios_heaps_HeapMem_Object__create__S)
                  00005b40    00000030     sysbios.aem4f : BIOS.obj (.text:ti_sysbios_knl_Mailbox_postInit__I)
                  00005b70    00000030     release_pem4f.oem4f (.text:ti_sysbios_knl_Semaphore_construct)
                  00005ba0    00000030     sysbios.aem4f : BIOS.obj (.text:ti_sysbios_knl_Semaphore_pendTimeout__I)
                  00005bd0    00000030                   : BIOS.obj (.text:ti_sysbios_knl_Task_processVitalTaskFlag__I)
                  00005c00    00000030                   : BIOS.obj (.text:ti_sysbios_knl_Task_restore__E)
                  00005c30    00000030                   : BIOS.obj (.text:ti_sysbios_knl_Task_unblockI__E)
                  00005c60    00000030                   : BIOS.obj (.text:xdc_runtime_System_processAtExit__E)
                  00005c90    0000002e                   : BIOS.obj (.text:pthread_setcancelstate)
                  00005cbe    0000002e     rtsv7M4_T_le_v4SPD16_eabi.lib : i_tofd_t2.asm.obj (.text)
                  00005cec    0000002e     release_pem4f.oem4f (.text:ti_sysbios_rts_MemAlloc_alloc)
                  00005d1a    0000002c     dpl_msp432p401x.aem4f : PowerMSP432_tirtos.oem4f (.text:PowerMSP432_updateFreqs)
                  00005d46    00000002     --HOLE-- [fill = 0]
                  00005d48    0000002c     msp432p4xx_driverlib.lib : rtc_c.o (.text:RTC_C_holdClock)
                  00005d74    0000002c     dpl_msp432p401x.aem4f : SemaphoreP_tirtos.oem4f (.text:SemaphoreP_createBinary)
                  00005da0    0000002c     sysbios.aem4f : BIOS.obj (.text:_pthread_cleanupFxn)
                  00005dcc    00000004     --HOLE-- [fill = 0]
                  00005dd0    0000002c                   : BIOS.obj (.text:_pthread_delete$43)
                  00005dfc    0000002c     release_pem4f.oem4f (.text:ti_sysbios_gates_GateHwi_Handle__label__S)
                  00005e28    0000002c     release_pem4f.oem4f (.text:ti_sysbios_gates_GateMutex_Handle__label__S)
                  00005e54    0000002c     release_pem4f.oem4f (.text:ti_sysbios_heaps_HeapMem_Handle__label__S)
                  00005e80    0000002c     release_pem4f.oem4f (.text:ti_sysbios_knl_Clock_doTick__I)
                  00005eac    0000002c     release_pem4f.oem4f (.text:ti_sysbios_knl_Queue_construct)
                  00005ed8    0000002c     rtsv7M4_T_le_v4SPD16_eabi.lib : unlink.c.obj (.text:unlink)
                  00005f04    00000028     msp432p4xx_driverlib.lib : pcm.o (.text:PCM_gotoLPM0)
                  00005f2c    00000028     drivers_msp432p401x.aem4f : PowerMSP432.oem4f (.text:disableFaultCounter)
                  00005f54    00000028                               : PowerMSP432.oem4f (.text:disableHFXT)
                  00005f7c    00000028     rtsv7M4_T_le_v4SPD16_eabi.lib : lseek.c.obj (.text:lseek)
                  00005fa4    00000028     sysbios.aem4f : m3_Hwi_asm.obj (.text:ti_sysbios_family_arm_m3_Hwi_excHandlerAsm__I)
                  00005fcc    00000004     --HOLE-- [fill = 0]
                  00005fd0    00000028                   : BIOS.obj (.text:ti_sysbios_knl_Clock_addI__E)
                  00005ff8    00000028                   : BIOS.obj (.text:ti_sysbios_knl_Swi_Module_startup__E)
                  00006020    00000028     rtsv7M4_T_le_v4SPD16_eabi.lib : write.c.obj (.text:write)
                  00006048    00000026     sysbios.aem4f : m3_Hwi_asm.obj (.text:ti_sysbios_family_arm_m3_Hwi_pendSV__I)
                  0000606e    00000002     --HOLE-- [fill = 0]
                  00006070    00000024     msp432p4xx_driverlib.lib : wdt_a.o (.text:WDT_A_holdTimer)
                  00006094    00000004     --HOLE-- [fill = 0]
                  00006098    00000024     sysbios.aem4f : BIOS.obj (.text:pthread_attr_init)
                  000060bc    00000024     release_pem4f.oem4f (.text:ti_sysbios_BIOS_registerRTSLock__I)
                  000060e0    00000024     release_pem4f.oem4f (.text:ti_sysbios_BIOS_removeRTSLock__I)
                  00006104    00000004     --HOLE-- [fill = 0]
                  00006108    00000024     sysbios.aem4f : BIOS.obj (.text:ti_sysbios_family_arm_msp432_ClockFreqs_setFrequency__E)
                  0000612c    00000024     release_pem4f.oem4f (.text:ti_sysbios_gates_GateMutex_Object__delete__S)
                  00006150    00000024     sysbios.aem4f : BIOS.obj (.text:ti_sysbios_knl_Clock_Module_startup__E)
                  00006174    00000004     --HOLE-- [fill = 0]
                  00006178    00000024                   : BIOS.obj (.text:ti_sysbios_knl_Semaphore_Instance_init__E)
                  0000619c    00000024     release_pem4f.oem4f (.text:ti_sysbios_knl_Semaphore_Object__delete__S)
                  000061c0    00000024     sysbios.aem4f : BIOS.obj (.text:ti_sysbios_knl_Task_restoreHwi__E)
                  000061e4    00000004     --HOLE-- [fill = 0]
                  000061e8    00000024                   : BIOS.obj (.text:xdc_runtime_Error_policyMin__E)
                  0000620c    00000020     msp432p4xx_driverlib.lib : cs.o (.text:CS_setExternalClockSourceFrequency)
                  0000622c    00000020     rtsv7M4_T_le_v4SPD16_eabi.lib : memchr.c.obj (.text:memchr)
                  0000624c    00000020     release_pem4f.oem4f (.text:ti_sysbios_BIOS_rtsLock__I)
                  0000626c    00000020     release_pem4f.oem4f (.text:ti_sysbios_gates_GateHwi_Object__delete__S)
                  0000628c    00000020     release_pem4f.oem4f (.text:ti_sysbios_heaps_HeapMem_Object__delete__S)
                  000062ac    00000004     --HOLE-- [fill = 0]
                  000062b0    00000020     sysbios.aem4f : BIOS.obj (.text:ti_sysbios_knl_Idle_run__E)
                  000062d0    00000020     release_pem4f.oem4f (.text:ti_sysbios_knl_Semaphore_destruct)
                  000062f0    00000020     release_pem4f.oem4f (.text:ti_sysbios_knl_Task_Object__delete__S)
                  00006310    0000001e     sysbios.aem4f : m3_Hwi_asm_switch.obj (.text:ti_sysbios_family_xxx_Hwi_switchAndRunFunc)
                  0000632e    0000001c     rtsv7M4_T_le_v4SPD16_eabi.lib : memccpy.c.obj (.text:memccpy)
                  0000634a    00000006     --HOLE-- [fill = 0]
                  00006350    0000001c     sysbios.aem4f : BIOS.obj (.text:ti_sysbios_family_arm_m3_Hwi_excHandler__I)
                  0000636c    00000004     --HOLE-- [fill = 0]
                  00006370    0000001c                   : BIOS.obj (.text:ti_sysbios_gates_GateMutex_Instance_init__E)
                  0000638c    0000001c     release_pem4f.oem4f (.text:ti_sysbios_knl_Queue_destruct)
                  000063a8    0000001c     sysbios.aem4f : BIOS.obj (.text:ti_sysbios_knl_Queue_put__E)
                  000063c4    00000004     --HOLE-- [fill = 0]
                  000063c8    0000001c                   : BIOS.obj (.text:ti_sysbios_knl_Task_enter__I)
                  000063e4    00000004     --HOLE-- [fill = 0]
                  000063e8    0000001c                   : BIOS.obj (.text:ti_sysbios_rts_ti_ReentSupport_getReent__F)
                  00006404    00000004     --HOLE-- [fill = 0]
                  00006408    0000001c                   : BIOS.obj (.text:xdc_runtime_Memory_valloc__E)
                  00006424    00000004     --HOLE-- [fill = 0]
                  00006428    0000001c                   : BIOS.obj (.text:xdc_runtime_System_abort__E)
                  00006444    0000001a     rtsv7M4_T_le_v4SPD16_eabi.lib : s_copysign.c.obj (.text:copysign)
                  0000645e    0000001a     release_pem4f.oem4f (.text:free)
                  00006478    00000018     release_pem4f.oem4f (.text:.bootCodeSection:ti_sysbios_family_arm_msp432_init_Boot_init__I)
                  00006490    00000018     msp432p4xx_driverlib.lib : sysctl_a.o (.text:SysCtl_A_disableNMISource)
                  000064a8    00000018                              : sysctl_a.o (.text:SysCtl_A_enableNMISource)
                  000064c0    00000018     rtsv7M4_T_le_v4SPD16_eabi.lib : args_main.c.obj (.text:_args_main)
                  000064d8    00000018                                   : strcmp.c.obj (.text:strcmp)
                  000064f0    00000018     release_pem4f.oem4f (.text:ti_sysbios_BIOS_rtsUnlock__I)
                  00006508    00000018     release_pem4f.oem4f (.text:ti_sysbios_family_arm_m3_Hwi_Module__startupDone__F)
                  00006520    00000018     sysbios.aem4f : m3_TaskSupport_asm.obj (.text:ti_sysbios_family_arm_m3_TaskSupport_swap__E)
                  00006538    00000018     release_pem4f.oem4f (.text:ti_sysbios_family_arm_msp432_Timer_Module__startupDone__F)
                  00006550    00000018     sysbios.aem4f : BIOS.obj (.text:ti_sysbios_gates_GateMutex_leave__E)
                  00006568    00000018                   : BIOS.obj (.text:ti_sysbios_knl_Task_sleepTimeout__I)
                  00006580    00000018     release_pem4f.oem4f (.text:ti_sysbios_rts_ti_ReentSupport_getTlsAddr__I)
                  00006598    00000018     sysbios.aem4f : BIOS.obj (.text:xdc_runtime_Error_init__E)
                  000065b0    00000018                   : BIOS.obj (.text:xdc_runtime_System_exit__E)
                  000065c8    00000016     rtsv7M4_T_le_v4SPD16_eabi.lib : strchr.c.obj (.text:strchr)
                  000065de    00000016     release_pem4f.oem4f (.text:ti_sysbios_BIOS_exitFunc__I)
                  000065f4    00000004     --HOLE-- [fill = 0]
                  000065f8    00000016     sysbios.aem4f : BIOS.obj (.text:ti_sysbios_knl_Task_unblock__E)
                  0000660e    00000002     --HOLE-- [fill = 0]
                  00006610    00000014     msp432p4xx_driverlib.lib : pcm.o (.text:PCM_getPowerState)
                  00006624    00000014     drivers_msp432p401x.aem4f : PowerMSP432.oem4f (.text:Power_idleFunc)
                  00006638    00000014     sysbios.aem4f : BIOS.obj (.text:pthread_attr_setschedparam)
                  0000664c    00000014     rtsv7M4_T_le_v4SPD16_eabi.lib : strcpy.c.obj (.text:strcpy)
                  00006660    00000014                                   : strlen.c.obj (.text:strlen)
                  00006674    00000014     release_pem4f.oem4f (.text:ti_sysbios_family_arm_m3_Hwi_Object__get__S)
                  00006688    00000014     sysbios.aem4f : BIOS.obj (.text:ti_sysbios_family_arm_m3_Hwi_switchFromBootStack__E)
                  0000669c    00000014     release_pem4f.oem4f (.text:ti_sysbios_heaps_HeapMem_Object__get__S)
                  000066b0    00000014     release_pem4f.oem4f (.text:ti_sysbios_knl_Swi_Object__get__S)
                  000066c4    00000012     dpl_msp432p401x.aem4f : SemaphoreP_tirtos.oem4f (.text:SemaphoreP_pend)
                  000066d6    00000002     --HOLE-- [fill = 0]
                  000066d8    00000012     sysbios.aem4f : BIOS.obj (.text:_pthread_cleanup_pop)
                  000066ea    00000006     --HOLE-- [fill = 0]
                  000066f0    00000012                   : BIOS.obj (.text:_pthread_runStub$43)
                  00006702    00000006     --HOLE-- [fill = 0]
                  00006708    00000012                   : BIOS.obj (.text:ti_sysbios_hal_Hwi_Module_startup__E)
                  0000671a    00000012     rtsv7M4_T_le_v4SPD16_eabi.lib : wcslen.c.obj (.text:wcslen)
                  0000672c    00000012     release_pem4f.oem4f (.text:xdc_runtime_Startup_exec__I)
                  0000673e    00000010     dpl_msp432p401x.aem4f : HwiP_tirtos.oem4f (.text:HwiP_Params_init)
                  0000674e    00000010     msp432p4xx_driverlib.lib : pcm.o (.text:PCM_gotoLPM4)
                  0000675e    00000010                              : pcm.o (.text:PCM_setPowerMode)
                  0000676e    00000010                              : pcm.o (.text:PCM_setPowerState)
                  0000677e    00000002     --HOLE-- [fill = 0]
                  00006780    00000010                              : sysctl_a.o (.text:SysCtl_A_getNMISourceStatus)
                  00006790    00000010                              : sysctl.o (.text:SysCtl_getNMISourceStatus)
                  000067a0    00000010     sysbios.aem4f : BIOS.obj (.text:ti_sysbios_BIOS_exit__E)
                  000067b0    00000010                   : BIOS.obj (.text:ti_sysbios_BIOS_setCpuFreq__E)
                  000067c0    00000010                   : BIOS.obj (.text:ti_sysbios_BIOS_setThreadType__E)
                  000067d0    00000010                   : BIOS.obj (.text:ti_sysbios_BIOS_start__E)
                  000067e0    00000010                   : m3_TaskSupport_asm.obj (.text:ti_sysbios_family_arm_m3_TaskSupport_glue)
                  000067f0    00000010                   : BIOS.obj (.text:ti_sysbios_family_arm_msp432_init_Boot_disableWatchdog)
                  00006800    00000010                   : BIOS.obj (.text:ti_sysbios_gates_GateMutex_Instance_finalize__E)
                  00006810    00000010     release_pem4f.oem4f (.text:ti_sysbios_knl_Mailbox_Object__get__S)
                  00006820    00000010     sysbios.aem4f : BIOS.obj (.text:ti_sysbios_knl_Semaphore_Instance_finalize__E)
                  00006830    00000010                   : BIOS.obj (.text:ti_sysbios_knl_Swi_disable__E)
                  00006840    00000010     release_pem4f.oem4f (.text:ti_sysbios_knl_Task_Object__get__S)
                  00006850    00000010     sysbios.aem4f : BIOS.obj (.text:ti_sysbios_knl_Task_disable__E)
                  00006860    00000010                   : BIOS.obj (.text:xdc_runtime_Gate_leaveSystem__E)
                  00006870    00000010                   : BIOS.obj (.text:xdc_runtime_Memory_free__E)
                  00006880    00000010                   : BIOS.obj (.text:xdc_runtime_SysCallback_abort__E)
                  00006890    00000010                   : BIOS.obj (.text:xdc_runtime_SysCallback_exit__E)
                  000068a0    0000000e     rtsv7M4_T_le_v4SPD16_eabi.lib : copy_decompress_none.c.obj (.text:decompress:none:__TI_decompress_none)
                  000068ae    00000002     --HOLE-- [fill = 0]
                  000068b0    0000000e     sysbios.aem4f : BIOS.obj (.text:pthread_attr_setdetachstate)
                  000068be    00000002     --HOLE-- [fill = 0]
                  000068c0    0000000e                   : BIOS.obj (.text:ti_sysbios_knl_Idle_loop__E)
                  000068ce    00000002     --HOLE-- [fill = 0]
                  000068d0    0000000e                   : BIOS.obj (.text:ti_sysbios_knl_Queue_empty__E)
                  000068de    0000000c     ti_drivers_config.obj (.text:Board_init)
                  000068ea    0000000c     msp432p4xx_driverlib.lib : cpu.o (.text:CPU_cpsid)
                  000068f6    0000000c                              : cpu.o (.text:CPU_cpsie)
                  00006902    00000002     --HOLE-- [fill = 0]
                  00006904    0000000c     drivers_msp432p401x.aem4f : PowerMSP432.oem4f (.text:Power_getConstraintMask)
                  00006910    0000000c     dpl_msp432p401x.aem4f : SemaphoreP_tirtos.oem4f (.text:SemaphoreP_delete)
                  0000691c    0000000c     rtsv7M4_T_le_v4SPD16_eabi.lib : _lock.c.obj (.text:_register_lock)
                  00006928    0000000c                                   : _lock.c.obj (.text:_register_unlock)
                  00006934    0000000c                                   : copy_zero_init.c.obj (.text:decompress:ZI:__TI_zero_init)
                  00006940    0000000c     sysbios.aem4f : BIOS.obj (.text:pthread_self)
                  0000694c    0000000c     release_pem4f.oem4f (.text:ti_sysbios_family_arm_m3_Hwi_Params__init__S)
                  00006958    0000000c     sysbios.aem4f : BIOS.obj (.text:ti_sysbios_family_arm_m3_Hwi_disableFxn__E)
                  00006964    00000004     --HOLE-- [fill = 0]
                  00006968    0000000c                   : BIOS.obj (.text:ti_sysbios_family_arm_m3_TaskSupport_getStackAlignment__E)
                  00006974    00000004     --HOLE-- [fill = 0]
                  00006978    0000000c                   : BIOS.obj (.text:ti_sysbios_family_arm_msp432_Timer_getMaxTicks__E)
                  00006984    00000004     --HOLE-- [fill = 0]
                  00006988    0000000c                   : BIOS.obj (.text:ti_sysbios_gates_GateHwi_enter__E)
                  00006994    0000000c     release_pem4f.oem4f (.text:ti_sysbios_knl_Queue_Object__get__S)
                  000069a0    0000000c     release_pem4f.oem4f (.text:ti_sysbios_knl_Semaphore_Params__init__S)
                  000069ac    0000000c     release_pem4f.oem4f (.text:ti_sysbios_knl_Task_Params__init__S)
                  000069b8    0000000c     sysbios.aem4f : BIOS.obj (.text:ti_sysbios_knl_Task_self__E)
                  000069c4    00000004     --HOLE-- [fill = 0]
                  000069c8    0000000c                   : BIOS.obj (.text:ti_sysbios_rts_ti_ReentSupport_taskRegHook__I)
                  000069d4    00000004     --HOLE-- [fill = 0]
                  000069d8    0000000c                   : BIOS.obj (.text:xdc_runtime_Gate_enterSystem__E)
                  000069e4    00000004     --HOLE-- [fill = 0]
                  000069e8    0000000c                   : BIOS.obj (.text:xdc_runtime_Startup_rtsDone__E)
                  000069f4    0000000a     release_pem4f.oem4f (.text:xdc_runtime_IHeap_alloc)
                  000069fe    0000000a     release_pem4f.oem4f (.text:xdc_runtime_IHeap_free)
                  00006a08    00000008     sysbios.aem4f : BIOS.obj (.text:pthread_attr_setstacksize)
                  00006a10    00000008                   : BIOS.obj (.text:ti_sysbios_family_arm_m3_Hwi_doSwiRestore__I)
                  00006a18    00000008                   : BIOS.obj (.text:ti_sysbios_family_arm_m3_Hwi_startup__E)
                  00006a20    00000006                   : BIOS.obj (.text:ti_sysbios_family_arm_m3_Hwi_doTaskRestore__I)
                  00006a26    00000002     --HOLE-- [fill = 0]
                  00006a28    00000006                   : BIOS.obj (.text:ti_sysbios_family_arm_m3_Hwi_restoreFxn__E)
                  00006a2e    00000002     --HOLE-- [fill = 0]
                  00006a30    00000006                   : BIOS.obj (.text:ti_sysbios_gates_GateHwi_leave__E)
                  00006a36    00000002     --HOLE-- [fill = 0]
                  00006a38    00000006                   : BIOS.obj (.text:ti_sysbios_heaps_HeapMem_isBlocking__E)
                  00006a3e    00000002     --HOLE-- [fill = 0]
                  00006a40    00000006                   : BIOS.obj (.text:ti_sysbios_knl_Queue_Instance_init__E)
                  00006a46    00000002     --HOLE-- [fill = 0]
                  00006a48    00000006                   : BIOS.obj (.text:ti_sysbios_knl_Swi_startup__E)
                  00006a4e    00000002     --HOLE-- [fill = 0]
                  00006a50    00000006                   : BIOS.obj (.text:xdc_runtime_System_Module_startup__E)
                  00006a56    00000002     --HOLE-- [fill = 0]
                  00006a58    00000004                   : BIOS.obj (.text:__aeabi_errno_addr)
                  00006a5c    00000004     --HOLE-- [fill = 0]
                  00006a60    00000004                   : BIOS.obj (.text:pthread_attr_destroy)
                  00006a64    00000004     --HOLE-- [fill = 0]
                  00006a68    00000004                   : BIOS.obj (.text:ti_sysbios_gates_GateHwi_query__E)
                  00006a6c    00000004     --HOLE-- [fill = 0]
                  00006a70    00000004                   : BIOS.obj (.text:ti_sysbios_gates_GateMutex_query__E)
                  00006a74    00000004     --HOLE-- [fill = 0]
                  00006a78    00000004                   : BIOS.obj (.text:ti_sysbios_knl_Task_startup__E)
                  00006a7c    00000004     --HOLE-- [fill = 0]
                  00006a80    00000002                   : BIOS.obj (.text:ti_sysbios_BIOS_linkedWithIncorrectBootLibrary__E)
                  00006a82    00000006     --HOLE-- [fill = 0]
                  00006a88    00000002                   : BIOS.obj (.text:ti_sysbios_gates_GateHwi_Instance_init__E)
                  00006a8a    00000006     --HOLE-- [fill = 0]
                  00006a90    00000002                   : BIOS.obj (.text:ti_sysbios_knl_Clock_logTick__E)
                  00006a92    00000006     --HOLE-- [fill = 0]
                  00006a98    00000002                   : BIOS.obj (.text:xdc_runtime_SysCallback_defaultAbort)
                  00006a9a    00000006     --HOLE-- [fill = 0]
                  00006aa0    00000002                   : BIOS.obj (.text:xdc_runtime_SysCallback_defaultExit)
                  00006aa2    00000006     --HOLE-- [fill = 0]
                  00006aa8    00000002                   : BIOS.obj (.text:xdc_runtime_System_abortSpin__E)
                  00006aaa    00000006     --HOLE-- [fill = 0]
                  00006ab0    00000002                   : BIOS.obj (.text:xdc_runtime_System_exitSpin__E)

.const     0    00006ab4    000004fe     
                  00006ab4    00000101     rtsv7M4_T_le_v4SPD16_eabi.lib : ctype.c.obj (.const:.string:_ctypes_)
                  00006bb5    00000001     release_pem4f.oem4f (.const:xdc_runtime_Error_policy__C)
                  00006bb6    00000002     release_pem4f.oem4f (.const:ti_sysbios_family_arm_m3_Hwi_Module__id__C)
                  00006bb8    0000003c     release_pem4f.oem4f (.const:ti_sysbios_knl_Task_Object__PARAMS__C)
                  00006bf4    00000038     ti_drivers_config.obj (.const:PowerMSP432_config)
                  00006c2c    00000030     release_pem4f.oem4f (.const:ti_sysbios_family_arm_m3_Hwi_Object__PARAMS__C)
                  00006c5c    00000028     release_pem4f.oem4f (.const:ti_sysbios_heaps_HeapMem_Module__FXNS__C)
                  00006c84    00000024     release_pem4f.oem4f (.const:ti_sysbios_gates_GateHwi_Module__FXNS__C)
                  00006ca8    00000024     release_pem4f.oem4f (.const:ti_sysbios_gates_GateMutex_Module__FXNS__C)
                  00006ccc    00000024     release_pem4f.oem4f (.const:ti_sysbios_heaps_HeapMem_Object__PARAMS__C)
                  00006cf0    00000024     release_pem4f.oem4f (.const:ti_sysbios_knl_Semaphore_Object__PARAMS__C)
                  00006d14    00000024     release_pem4f.oem4f (.const:xdc_runtime_Startup_sfxnTab__A)
                  00006d38    00000020     release_pem4f.oem4f (.const:ti_sysbios_family_arm_m3_Hwi_Object__DESC__C)
                  00006d58    00000020     release_pem4f.oem4f (.const:ti_sysbios_gates_GateHwi_Object__DESC__C)
                  00006d78    00000020     release_pem4f.oem4f (.const:ti_sysbios_gates_GateMutex_Object__DESC__C)
                  00006d98    00000020     release_pem4f.oem4f (.const:ti_sysbios_heaps_HeapMem_Object__DESC__C)
                  00006db8    00000020     release_pem4f.oem4f (.const:ti_sysbios_knl_Queue_Object__DESC__C)
                  00006dd8    00000020     release_pem4f.oem4f (.const:ti_sysbios_knl_Semaphore_Object__DESC__C)
                  00006df8    00000020     release_pem4f.oem4f (.const:ti_sysbios_knl_Task_Object__DESC__C)
                  00006e18    00000018     release_pem4f.oem4f (.const:ti_sysbios_gates_GateHwi_Object__PARAMS__C)
                  00006e30    00000018     release_pem4f.oem4f (.const:ti_sysbios_gates_GateMutex_Object__PARAMS__C)
                  00006e48    00000018     release_pem4f.oem4f (.const:ti_sysbios_knl_Queue_Object__PARAMS__C)
                  00006e60    00000018     release_pem4f.oem4f (.const:ti_sysbios_knl_Task_hooks__A)
                  00006e78    00000014     ti_drivers_config.obj (.const:GPIOMSP432_config)
                  00006e8c    00000012     release_pem4f.oem4f (.const:xdc_runtime_Startup_sfxnRts__A)
                  00006e9e    00000002     release_pem4f.oem4f (.const:ti_sysbios_family_arm_msp432_init_Boot_bypassHFXT__C)
                  00006ea0    0000000c     release_pem4f.oem4f (.const:xdc_runtime_Startup_firstFxns__A)
                  00006eac    00000008     release_pem4f.oem4f (.const:ti_sysbios_knl_Idle_funcList__A)
                  00006eb4    00000008     release_pem4f.oem4f (.const:ti_sysbios_knl_Idle_funcList__C)
                  00006ebc    00000008     release_pem4f.oem4f (.const:ti_sysbios_knl_Task_hooks__C)
                  00006ec4    00000008     release_pem4f.oem4f (.const:xdc_runtime_Startup_firstFxns__C)
                  00006ecc    00000008     release_pem4f.oem4f (.const:xdc_runtime_Startup_lastFxns__C)
                  00006ed4    00000006     drivers_msp432p401x.aem4f : GPIOMSP432.oem4f (.const:.string:interruptType)
                  00006eda    00000006                               : GPIOMSP432.oem4f (.const:.string:portInterruptIds)
                  00006ee0    00000004     release_pem4f.oem4f (.const:ti_sysbios_family_arm_m3_Hwi_E_alreadyDefined__C)
                  00006ee4    00000004     release_pem4f.oem4f (.const:ti_sysbios_family_arm_m3_Hwi_E_badIntNum__C)
                  00006ee8    00000004     release_pem4f.oem4f (.const:ti_sysbios_family_arm_m3_Hwi_NUM_INTERRUPTS__C)
                  00006eec    00000004     release_pem4f.oem4f (.const:ti_sysbios_family_arm_m3_Hwi_Object__count__C)
                  00006ef0    00000004     release_pem4f.oem4f (.const:ti_sysbios_family_arm_m3_Hwi_ccr__C)
                  00006ef4    00000004     release_pem4f.oem4f (.const:ti_sysbios_family_arm_m3_Hwi_excHandlerFunc__C)
                  00006ef8    00000004     release_pem4f.oem4f (.const:ti_sysbios_family_arm_m3_Hwi_nullIsrFunc__C)
                  00006efc    00000004     release_pem4f.oem4f (.const:ti_sysbios_family_arm_m3_Hwi_priGroup__C)
                  00006f00    00000004     release_pem4f.oem4f (.const:ti_sysbios_family_arm_m3_Hwi_swiDisable__C)
                  00006f04    00000004     release_pem4f.oem4f (.const:ti_sysbios_family_arm_m3_Hwi_swiRestore__C)
                  00006f08    00000004     release_pem4f.oem4f (.const:ti_sysbios_family_arm_m3_TaskSupport_stackAlignment__C)
                  00006f0c    00000004     release_pem4f.oem4f (.const:ti_sysbios_family_arm_msp432_Timer_numTimerDevices__C)
                  00006f10    00000004     release_pem4f.oem4f (.const:ti_sysbios_family_arm_msp432_Timer_startupNeeded__C)
                  00006f14    00000004     release_pem4f.oem4f (.const:ti_sysbios_gates_GateMutex_Instance_State_sem__O)
                  00006f18    00000004     release_pem4f.oem4f (.const:ti_sysbios_heaps_HeapMem_E_memory__C)
                  00006f1c    00000004     release_pem4f.oem4f (.const:ti_sysbios_heaps_HeapMem_Module__gateObj__C)
                  00006f20    00000004     release_pem4f.oem4f (.const:ti_sysbios_heaps_HeapMem_Object__count__C)
                  00006f24    00000004     release_pem4f.oem4f (.const:ti_sysbios_heaps_HeapMem_primaryHeapBaseAddr__C)
                  00006f28    00000004     release_pem4f.oem4f (.const:ti_sysbios_heaps_HeapMem_primaryHeapEndAddr__C)
                  00006f2c    00000004     release_pem4f.oem4f (.const:ti_sysbios_heaps_HeapMem_reqAlign__C)
                  00006f30    00000004     release_pem4f.oem4f (.const:ti_sysbios_knl_Clock_Module_State_clockQ__O)
                  00006f34    00000004     release_pem4f.oem4f (.const:ti_sysbios_knl_Clock_tickPeriod__C)
                  00006f38    00000004     release_pem4f.oem4f (.const:ti_sysbios_knl_Mailbox_Instance_State_freeQue__O)
                  00006f3c    00000004     release_pem4f.oem4f (.const:ti_sysbios_knl_Mailbox_Object__count__C)
                  00006f40    00000004     release_pem4f.oem4f (.const:ti_sysbios_knl_Mailbox_maxTypeAlign__C)
                  00006f44    00000004     release_pem4f.oem4f (.const:ti_sysbios_knl_Semaphore_Instance_State_pendQ__O)
                  00006f48    00000004     release_pem4f.oem4f (.const:ti_sysbios_knl_Swi_Object__count__C)
                  00006f4c    00000004     release_pem4f.oem4f (.const:ti_sysbios_knl_Task_Module_State_inactiveQ__O)
                  00006f50    00000004     release_pem4f.oem4f (.const:ti_sysbios_knl_Task_Object__count__C)
                  00006f54    00000004     release_pem4f.oem4f (.const:ti_sysbios_knl_Task_Object__heap__C)
                  00006f58    00000004     release_pem4f.oem4f (.const:ti_sysbios_knl_Task_allBlockedFunc__C)
                  00006f5c    00000004     release_pem4f.oem4f (.const:ti_sysbios_knl_Task_defaultStackHeap__C)
                  00006f60    00000004     release_pem4f.oem4f (.const:ti_sysbios_knl_Task_defaultStackSize__C)
                  00006f64    00000004     release_pem4f.oem4f (.const:ti_sysbios_knl_Task_numConstructedTasks__C)
                  00006f68    00000004     release_pem4f.oem4f (.const:xdc_runtime_Error_E_memory__C)
                  00006f6c    00000004     release_pem4f.oem4f (.const:xdc_runtime_Error_policyFxn__C)
                  00006f70    00000004     release_pem4f.oem4f (.const:xdc_runtime_IGateProvider_Interface__BASE__C)
                  00006f74    00000004     release_pem4f.oem4f (.const:xdc_runtime_IHeap_Interface__BASE__C)
                  00006f78    00000004     release_pem4f.oem4f (.const:xdc_runtime_IModule_Interface__BASE__C)
                  00006f7c    00000004     release_pem4f.oem4f (.const:xdc_runtime_Memory_defaultHeapInstance__C)
                  00006f80    00000004     release_pem4f.oem4f (.const:xdc_runtime_Startup_execImpl__C)
                  00006f84    00000004     release_pem4f.oem4f (.const:xdc_runtime_Startup_maxPasses__C)
                  00006f88    00000004     release_pem4f.oem4f (.const:xdc_runtime_Startup_sfxnRts__C)
                  00006f8c    00000004     release_pem4f.oem4f (.const:xdc_runtime_Startup_sfxnTab__C)
                  00006f90    00000004     release_pem4f.oem4f (.const:xdc_runtime_SysCallback_abortFxn__C)
                  00006f94    00000004     release_pem4f.oem4f (.const:xdc_runtime_SysCallback_exitFxn__C)
                  00006f98    00000004     release_pem4f.oem4f (.const:xdc_runtime_System_Module__gateObj__C)
                  00006f9c    00000004     release_pem4f.oem4f (.const:xdc_runtime_System_abortFxn__C)
                  00006fa0    00000004     release_pem4f.oem4f (.const:xdc_runtime_System_exitFxn__C)
                  00006fa4    00000004     release_pem4f.oem4f (.const:xdc_runtime_System_maxAtexitHandlers__C)
                  00006fa8    00000002     release_pem4f.oem4f (.const:ti_sysbios_family_arm_msp432_init_Boot_bypassLFXT__C)
                  00006faa    00000002     release_pem4f.oem4f (.const:ti_sysbios_family_arm_msp432_init_Boot_enableHFXT__C)
                  00006fac    00000002     release_pem4f.oem4f (.const:ti_sysbios_family_arm_msp432_init_Boot_enableLFXT__C)
                  00006fae    00000002     release_pem4f.oem4f (.const:ti_sysbios_heaps_HeapMem_Module__id__C)
                  00006fb0    00000002     release_pem4f.oem4f (.const:xdc_runtime_Memory_Module__id__C)

.cinit     0    00006fb8    00000290     
                  00006fb8    00000265     (.cinit..data.load) [load image, compression = lzss]
                  0000721d    00000003     --HOLE-- [fill = 0]
                  00007220    0000000c     (__TI_handler_table)
                  0000722c    00000004     --HOLE-- [fill = 0]
                  00007230    00000008     (.cinit..bss.load) [load image, compression = zero_init]
                  00007238    00000010     (__TI_cinit_table)

.init_array 
*          0    00000000    00000000     UNINITIALIZED

.data      0    20008140    000007e0     UNINITIALIZED
                  20008140    00000140     drivers_msp432p401x.aem4f : PowerMSP432.oem4f (.data:PowerMSP432_perfLevels)
                  20008280    000000f0     rtsv7M4_T_le_v4SPD16_eabi.lib : defs.c.obj (.data:_ftable)
                  20008370    00000088     sysbios.aem4f : BIOS.obj (.data:$O1$$)
                  200083f8    00000080     release_pem4f.oem4f (.data:ti_sysbios_knl_Swi_Module_State_0_readyQ__A)
                  20008478    00000080     release_pem4f.oem4f (.data:ti_sysbios_knl_Task_Module_State_0_readyQ__A)
                  200084f8    00000078     rtsv7M4_T_le_v4SPD16_eabi.lib : host_device.c.obj (.data:_device)
                  20008570    00000054     release_pem4f.oem4f (.data:ti_sysbios_gates_GateMutex_Object__table__V)
                  200085c4    00000050     rtsv7M4_T_le_v4SPD16_eabi.lib : host_device.c.obj (.data:_stream)
                  20008614    0000004c     release_pem4f.oem4f (.data:ti_sysbios_knl_Task_Object__table__V)
                  20008660    00000044     release_pem4f.oem4f (.data:ti_sysbios_family_arm_msp432_Timer_Object__table__V)
                  200086a4    00000044     release_pem4f.oem4f (.data:ti_sysbios_knl_Task_Module__state__V)
                  200086e8    00000034     release_pem4f.oem4f (.data:ti_sysbios_family_arm_m3_Hwi_Module__state__V)
                  2000871c    00000030     release_pem4f.oem4f (.data:ti_sysbios_knl_Swi_Object__table__V)
                  2000874c    0000002c     drivers_msp432p401x.aem4f : PowerMSP432.oem4f (.data:PowerMSP432_module)
                  20008778    0000002c     release_pem4f.oem4f (.data:ti_sysbios_knl_Clock_Module__state__V)
                  200087a4    00000024     release_pem4f.oem4f (.data:ti_sysbios_BIOS_Module__state__V)
                  200087c8    00000020     release_pem4f.oem4f (.data:ti_sysbios_family_arm_msp432_Timer_Module_State_0_device__A)
                  200087e8    00000020     release_pem4f.oem4f (.data:xdc_runtime_Error_IgnoreBlock)
                  20008808    0000001c     release_pem4f.oem4f (.data:ti_sysbios_knl_Swi_Module__state__V)
                  20008824    00000018     release_pem4f.oem4f (.data:ti_sysbios_family_arm_m3_Hwi_Object__table__V)
                  2000883c    00000018     release_pem4f.oem4f (.data:ti_sysbios_heaps_HeapMem_Object__table__V)
                  20008854    00000010     rtsv7M4_T_le_v4SPD16_eabi.lib : defs.c.obj (.data)
                  20008864    00000010     release_pem4f.oem4f (.data:ti_sysbios_family_arm_msp432_Timer_Module_State_0_handles__A)
                  20008874    0000000c     rtsv7M4_T_le_v4SPD16_eabi.lib : exit.c.obj (.data:$O1$$)
                  20008880    0000000c     release_pem4f.oem4f (.data:ti_sysbios_family_arm_msp432_ClockFreqs_Module__state__V)
                  2000888c    0000000c     release_pem4f.oem4f (.data:ti_sysbios_family_arm_msp432_Timer_Module__state__V)
                  20008898    00000008     rtsv7M4_T_le_v4SPD16_eabi.lib : _lock.c.obj (.data:$O1$$)
                  200088a0    00000008     ti_drivers_config.obj (.data:gpioCallbackFunctions)
                  200088a8    00000008     ti_drivers_config.obj (.data:gpioPinConfigs)
                  200088b0    00000008     release_pem4f.oem4f (.data:ti_sysbios_family_arm_m3_Hwi_Module__root__V)
                  200088b8    00000008     release_pem4f.oem4f (.data:ti_sysbios_gates_GateHwi_Module__root__V)
                  200088c0    00000008     release_pem4f.oem4f (.data:ti_sysbios_gates_GateMutex_Module__root__V)
                  200088c8    00000008     release_pem4f.oem4f (.data:ti_sysbios_heaps_HeapMem_Module__root__V)
                  200088d0    00000008     release_pem4f.oem4f (.data:ti_sysbios_knl_Queue_Module__root__V)
                  200088d8    00000008     release_pem4f.oem4f (.data:ti_sysbios_knl_Semaphore_Module__root__V)
                  200088e0    00000008     release_pem4f.oem4f (.data:ti_sysbios_knl_Task_Module__root__V)
                  200088e8    00000008     release_pem4f.oem4f (.data:xdc_runtime_Startup_Module__state__V)
                  200088f0    00000008     release_pem4f.oem4f (.data:xdc_runtime_System_Module_State_0_atexitHandlers__A)
                  200088f8    00000008     release_pem4f.oem4f (.data:xdc_runtime_System_Module__state__V)
                  20008900    00000004     rtsv7M4_T_le_v4SPD16_eabi.lib : stkdepth_vars.c.obj (.data)
                  20008904    00000004     release_pem4f.oem4f (.data:ti_sysbios_family_arm_m3_Hwi_Module_State_0_excContext__A)
                  20008908    00000004     release_pem4f.oem4f (.data:ti_sysbios_family_arm_m3_Hwi_Module_State_0_excStack__A)
                  2000890c    00000004     release_pem4f.oem4f (.data:ti_sysbios_gates_GateHwi_Object__table__V)
                  20008910    00000004     release_pem4f.oem4f (.data:ti_sysbios_knl_Task_Module_State_0_idleTask__A)
                  20008914    00000004     release_pem4f.oem4f (.data:ti_sysbios_rts_ti_ReentSupport_Module__state__V)
                  20008918    00000004     release_pem4f.oem4f (.data:xdc_runtime_Memory_Module__state__V)
                  2000891c    00000002     drivers_msp432p401x.aem4f : GPIOMSP432.oem4f (.data)
                  2000891e    00000002     release_pem4f.oem4f (.data:ti_sysbios_family_arm_m3_Hwi_Module_State_0_excActive__A)

.bss       0    20008920    00000548     UNINITIALIZED
                  20008920    00000200     release_pem4f.oem4f (.bss:taskStackSection)
                  20008b20    00000140     (.common:ti_sysbios_family_arm_m3_Hwi_dispatchTable)
                  20008c60    00000120     rtsv7M4_T_le_v4SPD16_eabi.lib : trgmsg.c.obj (.bss:_CIOBUF_)
                  20008d80    000000a0     (.common:__TI_tmpnams)
                  20008e20    00000030     drivers_msp432p401x.aem4f : GPIOMSP432.oem4f (.bss:gpioCallbackInfo)
                  20008e50    00000008     msp432p4xx_driverlib.lib : cs.o (.bss)
                  20008e58    00000008     (.common:parmbuf)
                  20008e60    00000004     drivers_msp432p401x.aem4f : GPIOMSP432.oem4f (.bss)
                  20008e64    00000004     (.common:ti_sysbios_knl_Task_Instance_State_0_hookEnv__A)

.priheap   0    20000140    00008000     UNINITIALIZED
                  20000140    00008000     --HOLE--

.stack     0    2000fc00    00000400     UNINITIALIZED
                  2000fc00    00000400     --HOLE--

.bootVecs 
*          0    00000000    00000008     DSECT
                  00000000    00000008     boot.aem4f : boot.oem4f (.bootVecs)

.resetVecs 
*          0    00000000    0000003c     
                  00000000    0000003c     release_pem4f.oem4f (.resetVecs)

.vecs      0    20000000    00000140     NOLOAD SECTION
                  20000000    00000140     release_pem4f.oem4f (.vecs)

xdc.meta   0    00000000    000000fe     COPY SECTION
                  00000000    000000fe     release_pem4f.oem4f (xdc.meta)

xdc.noload 
*          0    00000000    00000000     COPY SECTION

__llvm_prf_cnts 
*          0    20000000    00000000     UNINITIALIZED

.binit     0    00000000    00000000     

MODULE SUMMARY

       Module                       code    ro data   rw data
       ------                       ----    -------   -------
    .\
       empty.obj                    316     0         0      
       main_tirtos.obj              100     0         0      
    +--+----------------------------+-------+---------+---------+
       Total:                       416     0         0      
                                                             
    .\syscfg\
       ti_drivers_config.obj        14      76        32     
    +--+----------------------------+-------+---------+---------+
       Total:                       14      76        32     
                                                             
    C:\Users\rensv\workspace_v12\tirtos_builds_MSP_EXP432P401R_release_ccs\Debug\configPkg\package\cfg\
       release_pem4f.oem4f          1490    993       4348   
    +--+----------------------------+-------+---------+---------+
       Total:                       1490    993       4348   
                                                             
    C:/ti/simplelink_msp432p4_sdk_3_40_01_02/kernel/tirtos/packages/ti/dpl/lib/dpl_msp432p401x.aem4f
       PowerMSP432_tirtos.oem4f     122     0         0      
       HwiP_tirtos.oem4f            84      0         0      
       SemaphoreP_tirtos.oem4f      78      0         0      
    +--+----------------------------+-------+---------+---------+
       Total:                       284     0         0      
                                                             
    C:/ti/simplelink_msp432p4_sdk_3_40_01_02/source/ti/devices/msp432p4xx/driverlib/ccs/msp432p4xx_driverlib.lib
       pcm.o                        1770    0         0      
       cs.o                         704     0         16     
       sysctl_a.o                   64      0         0      
       rtc_c.o                      44      0         0      
       wdt_a.o                      36      0         0      
       cpu.o                        28      0         0      
       sysctl.o                     16      0         0      
    +--+----------------------------+-------+---------+---------+
       Total:                       2662    0         16     
                                                             
    C:/ti/simplelink_msp432p4_sdk_3_40_01_02/source/ti/drivers/lib/drivers_msp432p401x.aem4f
       PowerMSP432.oem4f            1864    0         728    
       GPIOMSP432.oem4f             884     12        108    
    +--+----------------------------+-------+---------+---------+
       Total:                       2748    12        836    
                                                             
    C:\Users\rensv\workspace_v12\tirtos_builds_MSP_EXP432P401R_release_ccs\src\sysbios\sysbios.aem4f
       BIOS.obj                     8532    0         272    
       m3_Hwi_asm.obj               318     0         0      
       m3_TaskSupport_asm.obj       180     0         0      
       m3_Hwi_asm_switch.obj        118     0         0      
    +--+----------------------------+-------+---------+---------+
       Total:                       9148    0         272    
                                                             
    C:\ti\ccs1220\ccs\tools\compiler\ti-cgt-arm_20.2.7.LTS\lib\rtsv7M4_T_le_v4SPD16_eabi.lib
       _printfi.c.obj               4851    0         0      
       defs.c.obj                   0       0         832    
       trgmsg.c.obj                 108     0         576    
       fd_add_t2.asm.obj            438     0         0      
       host_device.c.obj            0       0         400    
       fd_div_t2.asm.obj            310     0         0      
       fputs.c.obj                  276     0         0      
       s_scalbn.c.obj               272     0         0      
       fd_cmp_t2.asm.obj            268     0         0      
       ctype.c.obj                  0       257       0      
       fd_mul_t2.asm.obj            252     0         0      
       setvbuf.c.obj                220     0         0      
       memcpy_t2.asm.obj            156     0         0      
       ull_div_t2.asm.obj           150     0         0      
       fputc.c.obj                  140     0         0      
       memset_t2.asm.obj            122     0         0      
       fclose.c.obj                 116     0         0      
       getdevice.c.obj              116     0         0      
       hostopen.c.obj               96      0         16     
       printf.c.obj                 112     0         0      
       hostrename.c.obj             108     0         0      
       copy_decompress_lzss.c.obj   104     0         0      
       hostlseek.c.obj              104     0         0      
       fseek.c.obj                  100     0         0      
       s_frexp.c.obj                100     0         0      
       _io_perm.c.obj               98      0         0      
       close.c.obj                  92      0         0      
       hostread.c.obj               88      0         0      
       hostwrite.c.obj              88      0         0      
       _ltoa.c.obj                  84      0         0      
       atoi.c.obj                   76      0         0      
       cpy_tbl.c.obj                76      0         0      
       fflush.c.obj                 76      0         0      
       fd_toi_t2.asm.obj            72      0         0      
       hostclose.c.obj              68      0         0      
       hostunlink.c.obj             68      0         0      
       strncpy.c.obj                54      0         0      
       fopen.c.obj                  52      0         0      
       i_tofd_t2.asm.obj            46      0         0      
       unlink.c.obj                 44      0         0      
       _lock.c.obj                  26      0         16     
       lseek.c.obj                  40      0         0      
       write.c.obj                  40      0         0      
       memchr.c.obj                 32      0         0      
       memccpy.c.obj                28      0         0      
       s_copysign.c.obj             26      0         0      
       args_main.c.obj              24      0         0      
       exit.c.obj                   0       0         24     
       strcmp.c.obj                 24      0         0      
       strchr.c.obj                 22      0         0      
       strcpy.c.obj                 20      0         0      
       strlen.c.obj                 20      0         0      
       wcslen.c.obj                 18      0         0      
       copy_decompress_none.c.obj   14      0         0      
       copy_zero_init.c.obj         12      0         0      
       stkdepth_vars.c.obj          0       0         8      
       div0.asm.obj                 2       0         0      
    +--+----------------------------+-------+---------+---------+
       Total:                       9949    257       1872   
                                                             
    C:\ti\simplelink_msp432p4_sdk_3_40_01_02\kernel\tirtos\packages\ti\targets\arm\rtsarm\lib\auto_init.aem4f
       auto_init.oem4f              160     0         0      
    +--+----------------------------+-------+---------+---------+
       Total:                       160     0         0      
                                                             
    C:\ti\simplelink_msp432p4_sdk_3_40_01_02\kernel\tirtos\packages\ti\targets\arm\rtsarm\lib\boot.aem4f
       boot.oem4f                   88      0         0      
    +--+----------------------------+-------+---------+---------+
       Total:                       88      0         0      
                                                             
       Stack:                       0       0         2048   
       Linker Generated:            0       649       0      
    +--+----------------------------+-------+---------+---------+
       Grand Total:                 26959   1987      9424   


LINKER GENERATED COPY TABLES

__TI_cinit_table @ 00007238 records: 2, size/record: 8, table size: 16
	.data: load addr=00006fb8, load size=00000265 bytes, run addr=20008140, run size=000007e0 bytes, compression=lzss
	.bss: load addr=00007230, load size=00000008 bytes, run addr=20008920, run size=00000548 bytes, compression=zero_init


LINKER GENERATED HANDLER TABLE

__TI_handler_table @ 00007220 records: 3, size/record: 4, table size: 12
	index: 0, handler: __TI_decompress_lzss
	index: 1, handler: __TI_decompress_none
	index: 2, handler: __TI_zero_init


GLOBAL SYMBOLS: SORTED ALPHABETICALLY BY Name 

address   name                                                            
-------   ----                                                            
000068df  Board_init                                                      
00000a8f  Board_initHook                                                  
00005833  C$$IO$$                                                         
000068eb  CPU_cpsid                                                       
000068f7  CPU_cpsie                                                       
00001dd3  CPU_wfi                                                         
0000620d  CS_setExternalClockSourceFrequency                              
00002a41  CS_startHFXTWithTimeout                                         
00002b25  CS_startLFXTWithTimeout                                         
00006e78  GPIOMSP432_config                                               
0000420d  GPIO_hwiIntFxn                                                  
000031a5  GPIO_init                                                       
00004749  GPIO_setCallback                                                
00001895  GPIO_setConfig                                                  
000057cd  GPIO_toggle                                                     
00004b61  GPIO_write                                                      
00008000  HEAPSIZE                                                        
00005431  HOSTclose                                                       
00004275  HOSTlseek                                                       
000047a9  HOSTopen                                                        
00004bb9  HOSTread                                                        
00004131  HOSTrename                                                      
00005475  HOSTunlink                                                      
00004c11  HOSTwrite                                                       
0000673f  HwiP_Params_init                                                
0000558d  HwiP_create                                                     
00002c05  HwiP_disable                                                    
00006a29  HwiP_restore                                                    
000048c9  PCM_getCoreVoltageLevel                                         
00004b05  PCM_getPowerMode                                                
00006611  PCM_getPowerState                                               
00005f05  PCM_gotoLPM0                                                    
00003c51  PCM_gotoLPM3                                                    
0000674f  PCM_gotoLPM4                                                    
0000675f  PCM_setPowerMode                                                
0000676f  PCM_setPowerState                                               
00004d71  PCM_shutdownDevice                                              
00006bf4  PowerMSP432_config                                              
00001013  PowerMSP432_initPolicy                                          
2000874c  PowerMSP432_module                                              
20008140  PowerMSP432_perfLevels                                          
00004fb9  PowerMSP432_sleepPolicy                                         
00005d1b  PowerMSP432_updateFreqs                                         
00006905  Power_getConstraintMask                                         
00006625  Power_idleFunc                                                  
000034ed  Power_init                                                      
00000a91  Power_sleep                                                     
00005d49  RTC_C_holdClock                                                 
UNDEFED   SHT$$INIT_ARRAY$$Base                                           
UNDEFED   SHT$$INIT_ARRAY$$Limit                                          
00005d75  SemaphoreP_createBinary                                         
00006911  SemaphoreP_delete                                               
000066c5  SemaphoreP_pend                                                 
00003035  SemaphoreP_post                                                 
00006491  SysCtl_A_disableNMISource                                       
000064a9  SysCtl_A_enableNMISource                                        
00006781  SysCtl_A_getNMISourceStatus                                     
00006791  SysCtl_getNMISourceStatus                                       
4000480c  WDTCTL_SYM                                                      
00006071  WDT_A_holdTimer                                                 
00000000  __ASM__                                                         
20008c60  __CIOBUF_                                                       
0000007f  __ISA__                                                         
00000092  __PLAT__                                                        
20010000  __STACK_END                                                     
00000400  __STACK_SIZE                                                    
000000b5  __TARG__                                                        
00007238  __TI_CINIT_Base                                                 
00007248  __TI_CINIT_Limit                                                
00007220  __TI_Handler_Table_Base                                         
0000722c  __TI_Handler_Table_Limit                                        
0000344d  __TI_auto_init                                                  
000058e9  __TI_cleanup                                                    
20008874  __TI_cleanup_ptr                                                
00003fdd  __TI_closefile                                                  
000042dd  __TI_decompress_lzss                                            
000068a1  __TI_decompress_none                                            
00005005  __TI_doflush                                                    
20008878  __TI_dtors_ptr                                                  
2000887c  __TI_enable_exit_profile_output                                 
20008854  __TI_ft_end                                                     
00004dc5  __TI_ltoa                                                       
ffffffff  __TI_pprof_out_hndl                                             
00000041  __TI_printfi                                                    
ffffffff  __TI_prof_data_size                                             
ffffffff  __TI_prof_data_start                                            
0000591d  __TI_readmsg                                                    
00006fb8  __TI_static_base__                                              
20008d80  __TI_tmpnams                                                    
00005805  __TI_writemsg                                                   
000046e5  __TI_wrt_ok                                                     
00006935  __TI_zero_init                                                  
000000db  __TRDR__                                                        
00003abd  __aeabi_cdcmpeq                                                 
00003abd  __aeabi_cdcmple                                                 
00003b43  __aeabi_cdrcmple                                                
000052c5  __aeabi_d2iz                                                    
000016e7  __aeabi_dadd                                                    
00001c9d  __aeabi_ddiv                                                    
0000266d  __aeabi_dmul                                                    
000016dd  __aeabi_dsub                                                    
00006a59  __aeabi_errno_addr                                              
00005cbf  __aeabi_i2d                                                     
00001dd7  __aeabi_idiv0                                                   
00001dd7  __aeabi_ldiv0                                                   
00003ee9  __aeabi_memclr                                                  
00003ee9  __aeabi_memclr4                                                 
00003ee9  __aeabi_memclr8                                                 
00003589  __aeabi_memcpy                                                  
00003589  __aeabi_memcpy4                                                 
00003589  __aeabi_memcpy8                                                 
00003eeb  __aeabi_memset                                                  
00003eeb  __aeabi_memset4                                                 
00003eeb  __aeabi_memset8                                                 
20008860  __aeabi_stderr                                                  
20008858  __aeabi_stdin                                                   
2000885c  __aeabi_stdout                                                  
00003625  __aeabi_uldivmod                                                
ffffffff  __binit__                                                       
ffffffff  __c_args__                                                      
20008140  __primary_heap_end__                                            
20000140  __primary_heap_start__                                          
2000fc00  __stack                                                         
20000000  __start___llvm_prf_cnts                                         
20000000  __stop___llvm_prf_cnts                                          
000064c1  _args_main                                                      
00004c69  _c_int00                                                        
00006ab4  _ctypes_                                                        
200084f8  _device                                                         
20008280  _ftable                                                         
20008898  _lock                                                           
00001893  _nop                                                            
00005da1  _pthread_cleanupFxn                                             
000066d9  _pthread_cleanup_pop                                            
000036c1  _pthread_removeThreadKeys                                       
0000691d  _register_lock                                                  
00006929  _register_unlock                                                
[...]
00006639  pthread_attr_setschedparam                                      
0000664d  strcpy                                                          
00006661  strlen                                                          
00006675  ti_sysbios_family_arm_m3_Hwi_Object__get__S                     
00006689  ti_sysbios_family_arm_m3_Hwi_switchFromBootStack__E             
00006689  ti_sysbios_hal_Hwi_HwiProxy_switchFromBootStack__E              
00006689  ti_sysbios_hal_Hwi_switchFromBootStack__E                       
0000669d  ti_sysbios_heaps_HeapMem_Object__get__S                         
000066b1  ti_sysbios_knl_Swi_Object__get__S                               
000066c5  SemaphoreP_pend                                                 
000066d9  _pthread_cleanup_pop                                            
00006709  ti_sysbios_hal_Hwi_Module_startup__E                            
0000671b  wcslen                                                          
0000672d  xdc_runtime_Startup_exec__I                                     
0000673f  HwiP_Params_init                                                
0000674f  PCM_gotoLPM4                                                    
0000675f  PCM_setPowerMode                                                
0000676f  PCM_setPowerState                                               
00006781  SysCtl_A_getNMISourceStatus                                     
00006791  SysCtl_getNMISourceStatus                                       
000067a1  ti_sysbios_BIOS_exit__E                                         
000067b1  ti_sysbios_BIOS_setCpuFreq__E                                   
000067c1  ti_sysbios_BIOS_setThreadType__E                                
000067d1  ti_sysbios_BIOS_start__E                                        
000067e1  ti_sysbios_family_arm_m3_TaskSupport_glue                       
000067f1  ti_sysbios_family_arm_msp432_init_Boot_disableWatchdog          
00006801  ti_sysbios_gates_GateMutex_Instance_finalize__E                 
00006811  ti_sysbios_knl_Mailbox_Object__get__S                           
00006821  ti_sysbios_knl_Semaphore_Instance_finalize__E                   
00006831  ti_sysbios_knl_Swi_disable__E                                   
00006841  ti_sysbios_knl_Task_Object__get__S                              
00006851  ti_sysbios_knl_Task_disable__E                                  
00006861  xdc_runtime_Gate_leaveSystem__E                                 
00006871  xdc_runtime_Memory_free__E                                      
00006881  xdc_runtime_SysCallback_abort__E                                
00006881  xdc_runtime_System_SupportProxy_abort__E                        
00006891  xdc_runtime_SysCallback_exit__E                                 
00006891  xdc_runtime_System_SupportProxy_exit__E                         
000068a1  __TI_decompress_none                                            
000068b1  pthread_attr_setdetachstate                                     
000068c1  ti_sysbios_knl_Idle_loop__E                                     
000068d1  ti_sysbios_knl_Queue_empty__E                                   
000068df  Board_init                                                      
000068eb  CPU_cpsid                                                       
000068f7  CPU_cpsie                                                       
00006905  Power_getConstraintMask                                         
00006911  SemaphoreP_delete                                               
0000691d  _register_lock                                                  
00006929  _register_unlock                                                
00006935  __TI_zero_init                                                  
00006941  pthread_self                                                    
0000694d  ti_sysbios_family_arm_m3_Hwi_Params__init__S                    
0000694d  ti_sysbios_hal_Hwi_HwiProxy_Params__init__S                     
00006959  ti_sysbios_family_arm_m3_Hwi_disableFxn__E                      
00006959  ti_sysbios_hal_Hwi_HwiProxy_disable__E                          
00006969  ti_sysbios_family_arm_m3_TaskSupport_getStackAlignment__E       
00006969  ti_sysbios_knl_Task_SupportProxy_getStackAlignment__E           
00006979  ti_sysbios_family_arm_msp432_Timer_getMaxTicks__E               
00006989  ti_sysbios_gates_GateHwi_enter__E                               
00006995  ti_sysbios_knl_Queue_Object__get__S                             
000069a1  ti_sysbios_knl_Semaphore_Params__init__S                        
000069ad  ti_sysbios_knl_Task_Params__init__S                             
000069b9  ti_sysbios_knl_Task_self__E                                     
000069c9  ti_sysbios_rts_ti_ReentSupport_taskRegHook__I                   
000069d9  xdc_runtime_Gate_enterSystem__E                                 
000069e9  xdc_runtime_Startup_rtsDone__E                                  
000069f5  xdc_runtime_Memory_HeapProxy_alloc__E                           
000069ff  xdc_runtime_Memory_HeapProxy_free__E                            
00006a09  pthread_attr_setstacksize                                       
00006a11  ti_sysbios_family_arm_m3_Hwi_doSwiRestore__I                    
00006a19  ti_sysbios_family_arm_m3_Hwi_startup__E                         
00006a19  ti_sysbios_hal_Hwi_HwiProxy_startup__E                          
00006a19  ti_sysbios_hal_Hwi_startup__E                                   
00006a21  ti_sysbios_family_arm_m3_Hwi_doTaskRestore__I                   
00006a29  HwiP_restore                                                    
00006a29  ti_sysbios_family_arm_m3_Hwi_restoreFxn__E                      
00006a29  ti_sysbios_hal_Hwi_HwiProxy_restore__E                          
00006a31  ti_sysbios_gates_GateHwi_leave__E                               
00006a39  ti_sysbios_heaps_HeapMem_isBlocking__E                          
00006a41  ti_sysbios_knl_Queue_Instance_init__E                           
00006a49  ti_sysbios_knl_Swi_startup__E                                   
00006a51  xdc_runtime_System_Module_startup__E                            
00006a59  __aeabi_errno_addr                                              
00006a61  pthread_attr_destroy                                            
00006a69  ti_sysbios_gates_GateHwi_query__E                               
00006a69  xdc_runtime_Main_Module_GateProxy_query__E                      
00006a69  xdc_runtime_System_Module_GateProxy_query__E                    
00006a71  ti_sysbios_BIOS_RtsGateProxy_query__E                           
00006a71  ti_sysbios_gates_GateMutex_query__E                             
00006a71  ti_sysbios_heaps_HeapMem_Module_GateProxy_query__E              
00006a79  ti_sysbios_knl_Task_startup__E                                  
00006a81  ti_sysbios_BIOS_linkedWithIncorrectBootLibrary__E               
00006a89  ti_sysbios_gates_GateHwi_Instance_init__E                       
00006a91  ti_sysbios_knl_Clock_logTick__E                                 
00006a99  xdc_runtime_SysCallback_defaultAbort                            
00006aa1  xdc_runtime_SysCallback_defaultExit                             
00006aa9  xdc_runtime_System_abortSpin__E                                 
00006ab1  xdc_runtime_System_exitSpin__E                                  
00006ab4  _ctypes_                                                        
00006bb5  xdc_runtime_Error_policy__C                                     
00006bb6  ti_sysbios_family_arm_m3_Hwi_Module__id__C                      
00006bb8  ti_sysbios_knl_Task_Object__PARAMS__C                           
00006bf4  PowerMSP432_config                                              
00006c2c  ti_sysbios_family_arm_m3_Hwi_Object__PARAMS__C                  
00006c5c  ti_sysbios_heaps_HeapMem_Module__FXNS__C                        
00006c84  ti_sysbios_gates_GateHwi_Module__FXNS__C                        
00006ca8  ti_sysbios_gates_GateMutex_Module__FXNS__C                      
00006ccc  ti_sysbios_heaps_HeapMem_Object__PARAMS__C                      
00006cf0  ti_sysbios_knl_Semaphore_Object__PARAMS__C                      
00006d14  xdc_runtime_Startup_sfxnTab__A                                  
00006d38  ti_sysbios_family_arm_m3_Hwi_Object__DESC__C                    
00006d58  ti_sysbios_gates_GateHwi_Object__DESC__C                        
00006d78  ti_sysbios_gates_GateMutex_Object__DESC__C                      
00006d98  ti_sysbios_heaps_HeapMem_Object__DESC__C                        
00006db8  ti_sysbios_knl_Queue_Object__DESC__C                            
00006dd8  ti_sysbios_knl_Semaphore_Object__DESC__C                        
00006df8  ti_sysbios_knl_Task_Object__DESC__C                             
00006e18  ti_sysbios_gates_GateHwi_Object__PARAMS__C                      
00006e30  ti_sysbios_gates_GateMutex_Object__PARAMS__C                    
00006e48  ti_sysbios_knl_Queue_Object__PARAMS__C                          
00006e60  ti_sysbios_knl_Task_hooks__A                                    
00006e78  GPIOMSP432_config                                               
00006e8c  xdc_runtime_Startup_sfxnRts__A                                  
00006e9e  ti_sysbios_family_arm_msp432_init_Boot_bypassHFXT__C            
00006ea0  xdc_runtime_Startup_firstFxns__A                                
00006eac  ti_sysbios_knl_Idle_funcList__A                                 
00006eb4  ti_sysbios_knl_Idle_funcList__C                                 
00006ebc  ti_sysbios_knl_Task_hooks__C                                    
00006ec4  xdc_runtime_Startup_firstFxns__C                                
00006ecc  xdc_runtime_Startup_lastFxns__C                                 
00006ee0  ti_sysbios_family_arm_m3_Hwi_E_alreadyDefined__C                
00006ee4  ti_sysbios_family_arm_m3_Hwi_E_badIntNum__C                     
00006ee8  ti_sysbios_family_arm_m3_Hwi_NUM_INTERRUPTS__C                  
00006eec  ti_sysbios_family_arm_m3_Hwi_Object__count__C                   
00006ef0  ti_sysbios_family_arm_m3_Hwi_ccr__C                             
00006ef4  ti_sysbios_family_arm_m3_Hwi_excHandlerFunc__C                  
00006ef8  ti_sysbios_family_arm_m3_Hwi_nullIsrFunc__C                     
00006efc  ti_sysbios_family_arm_m3_Hwi_priGroup__C                        
00006f00  ti_sysbios_family_arm_m3_Hwi_swiDisable__C                      
00006f04  ti_sysbios_family_arm_m3_Hwi_swiRestore__C                      
00006f08  ti_sysbios_family_arm_m3_TaskSupport_stackAlignment__C          
00006f0c  ti_sysbios_family_arm_msp432_Timer_numTimerDevices__C           
00006f10  ti_sysbios_family_arm_msp432_Timer_startupNeeded__C             
00006f14  ti_sysbios_gates_GateMutex_Instance_State_sem__O                
00006f18  ti_sysbios_heaps_HeapMem_E_memory__C                            
00006f1c  ti_sysbios_heaps_HeapMem_Module__gateObj__C                     
00006f20  ti_sysbios_heaps_HeapMem_Object__count__C                       
00006f24  ti_sysbios_heaps_HeapMem_primaryHeapBaseAddr__C                 
00006f28  ti_sysbios_heaps_HeapMem_primaryHeapEndAddr__C                  
00006f2c  ti_sysbios_heaps_HeapMem_reqAlign__C                            
00006f30  ti_sysbios_knl_Clock_Module_State_clockQ__O                     
00006f34  ti_sysbios_knl_Clock_tickPeriod__C                              
00006f38  ti_sysbios_knl_Mailbox_Instance_State_freeQue__O                
00006f3c  ti_sysbios_knl_Mailbox_Object__count__C                         
00006f40  ti_sysbios_knl_Mailbox_maxTypeAlign__C                          
00006f44  ti_sysbios_knl_Semaphore_Instance_State_pendQ__O                
00006f48  ti_sysbios_knl_Swi_Object__count__C                             
00006f4c  ti_sysbios_knl_Task_Module_State_inactiveQ__O                   
00006f50  ti_sysbios_knl_Task_Object__count__C                            
00006f54  ti_sysbios_knl_Task_Object__heap__C                             
00006f58  ti_sysbios_knl_Task_allBlockedFunc__C                           
00006f5c  ti_sysbios_knl_Task_defaultStackHeap__C                         
00006f60  ti_sysbios_knl_Task_defaultStackSize__C                         
00006f64  ti_sysbios_knl_Task_numConstructedTasks__C                      
00006f68  xdc_runtime_Error_E_memory__C                                   
00006f6c  xdc_runtime_Error_policyFxn__C                                  
00006f70  xdc_runtime_IGateProvider_Interface__BASE__C                    
00006f74  xdc_runtime_IHeap_Interface__BASE__C                            
00006f78  xdc_runtime_IModule_Interface__BASE__C                          
00006f7c  xdc_runtime_Memory_defaultHeapInstance__C                       
00006f80  xdc_runtime_Startup_execImpl__C                                 
00006f84  xdc_runtime_Startup_maxPasses__C                                
00006f88  xdc_runtime_Startup_sfxnRts__C                                  
00006f8c  xdc_runtime_Startup_sfxnTab__C                                  
00006f90  xdc_runtime_SysCallback_abortFxn__C                             
00006f94  xdc_runtime_SysCallback_exitFxn__C                              
00006f98  xdc_runtime_System_Module__gateObj__C                           
00006f9c  xdc_runtime_System_abortFxn__C                                  
00006fa0  xdc_runtime_System_exitFxn__C                                   
00006fa4  xdc_runtime_System_maxAtexitHandlers__C                         
00006fa8  ti_sysbios_family_arm_msp432_init_Boot_bypassLFXT__C            
00006faa  ti_sysbios_family_arm_msp432_init_Boot_enableHFXT__C            
00006fac  ti_sysbios_family_arm_msp432_init_Boot_enableLFXT__C            
00006fae  ti_sysbios_heaps_HeapMem_Module__id__C                          
00006fb0  xdc_runtime_Memory_Module__id__C                                
00006fb8  __TI_static_base__                                              
00007220  __TI_Handler_Table_Base                                         
0000722c  __TI_Handler_Table_Limit                                        
00007238  __TI_CINIT_Base                                                 
00007248  __TI_CINIT_Limit                                                
00008000  HEAPSIZE                                                        
20000000  __start___llvm_prf_cnts                                         
20000000  __stop___llvm_prf_cnts                                          
20000000  ti_sysbios_family_arm_m3_Hwi_ramVectors                         
20000140  __primary_heap_start__                                          
20008140  PowerMSP432_perfLevels                                          
20008140  __primary_heap_end__                                            
20008280  _ftable                                                         
200083f8  ti_sysbios_knl_Swi_Module_State_0_readyQ__A                     
20008478  ti_sysbios_knl_Task_Module_State_0_readyQ__A                    
200084f8  _device                                                         
20008570  ti_sysbios_gates_GateMutex_Object__table__V                     
200085c4  _stream                                                         
20008614  ti_sysbios_knl_Task_Object__table__V                            
20008660  ti_sysbios_family_arm_msp432_Timer_Object__table__V             
200086a4  ti_sysbios_knl_Task_Module__state__V                            
200086e8  ti_sysbios_family_arm_m3_Hwi_Module__state__V                   
2000871c  ti_sysbios_knl_Swi_Object__table__V                             
2000874c  PowerMSP432_module                                              
20008778  ti_sysbios_knl_Clock_Module__state__V                           
200087a4  ti_sysbios_BIOS_Module__state__V                                
200087c8  ti_sysbios_family_arm_msp432_Timer_Module_State_0_device__A     
200087e8  xdc_runtime_Error_IgnoreBlock                                   
20008808  ti_sysbios_knl_Swi_Module__state__V                             
20008824  ti_sysbios_family_arm_m3_Hwi_Object__table__V                   
2000883c  ti_sysbios_heaps_HeapMem_Object__table__V                       
20008854  __TI_ft_end                                                     
20008858  __aeabi_stdin                                                   
2000885c  __aeabi_stdout                                                  
20008860  __aeabi_stderr                                                  
20008864  ti_sysbios_family_arm_msp432_Timer_Module_State_0_handles__A    
20008874  __TI_cleanup_ptr                                                
20008878  __TI_dtors_ptr                                                  
2000887c  __TI_enable_exit_profile_output                                 
20008880  ti_sysbios_family_arm_msp432_ClockFreqs_Module__state__V        
2000888c  ti_sysbios_family_arm_msp432_Timer_Module__state__V             
20008898  _lock                                                           
2000889c  _unlock                                                         
200088a0  gpioCallbackFunctions                                           
200088a8  gpioPinConfigs                                                  
200088b0  ti_sysbios_family_arm_m3_Hwi_Module__root__V                    
200088b8  ti_sysbios_gates_GateHwi_Module__root__V                        
200088c0  ti_sysbios_gates_GateMutex_Module__root__V                      
200088c8  ti_sysbios_heaps_HeapMem_Module__root__V                        
200088d0  ti_sysbios_knl_Queue_Module__root__V                            
200088d8  ti_sysbios_knl_Semaphore_Module__root__V                        
200088e0  ti_sysbios_knl_Task_Module__root__V                             
200088e8  xdc_runtime_Startup_Module__state__V                            
200088f0  xdc_runtime_System_Module_State_0_atexitHandlers__A             
200088f8  xdc_runtime_System_Module__state__V                             
20008900  main_func_sp                                                    
20008904  ti_sysbios_family_arm_m3_Hwi_Module_State_0_excContext__A       
20008908  ti_sysbios_family_arm_m3_Hwi_Module_State_0_excStack__A         
2000890c  ti_sysbios_gates_GateHwi_Object__table__V                       
20008910  ti_sysbios_knl_Task_Module_State_0_idleTask__A                  
20008914  ti_sysbios_rts_ti_ReentSupport_Module__state__V                 
20008918  xdc_runtime_Memory_Module__state__V                             
2000891e  ti_sysbios_family_arm_m3_Hwi_Module_State_0_excActive__A        
20008920  ti_sysbios_knl_Task_Instance_State_0_stack__A                   
20008b20  ti_sysbios_family_arm_m3_Hwi_dispatchTable                      
20008c60  __CIOBUF_                                                       
20008d80  __TI_tmpnams                                                    
20008e58  parmbuf                                                         
20008e64  ti_sysbios_knl_Task_Instance_State_0_hookEnv__A                 
2000fc00  __stack                                                         
20010000  __STACK_END                                                     
4000480c  WDTCTL_SYM                                                      
e000e000  ti_sysbios_family_arm_m3_Hwi_nvic                               
ffffffff  __TI_pprof_out_hndl                                             
ffffffff  __TI_prof_data_size                                             
ffffffff  __TI_prof_data_start                                            
ffffffff  __binit__                                                       
ffffffff  __c_args__                                                      
ffffffff  binit                                                           
UNDEFED   SHT$$INIT_ARRAY$$Base                                           
UNDEFED   SHT$$INIT_ARRAY$$Limit                                          

[545 symbols]
